    {
        "id": 1,
        "jsonrpc": "2.0",
        "status": "Verifiable encryption processing... Call back for result"
        }
    }%                                                                             
